// Vitest Snapshot v1, https://vitest.dev/guide/snapshot.html

exports[`regression: determinism > locks the deterministic-scenario fingerprint (refactor regression) 1`] = `
{
  "kills": 0,
  "phase": "playing",
  "positions": [
    {
      "slot": "P1",
      "x": 343.6665344238281,
      "y": 464.25018310546875,
    },
    {
      "slot": "P2",
      "x": 939.6679077148438,
      "y": 518.0003051757812,
    },
  ],
}
`;
