// Vitest Snapshot v1, https://vitest.dev/guide/snapshot.html

exports[`Simulator determinism (Task 3.4 — standalone, no GameLoop) > locks the standalone Simulator fingerprint (refactor regression) 1`] = `
{
  "kills": 2,
  "phase": "playing",
  "positions": [
    {
      "slot": "P1",
      "x": 561.6111450195312,
      "y": 187.58338928222656,
    },
    {
      "slot": "P2",
      "x": 376.611083984375,
      "y": 222.33322143554688,
    },
    {
      "slot": "B1",
      "x": 46.93263626098633,
      "y": 462.6668395996094,
    },
    {
      "slot": "B2",
      "x": 806.2334594726562,
      "y": 557.5833740234375,
    },
  ],
  "scores": [
    {
      "score": 0,
      "slot": "P1",
    },
    {
      "score": 0,
      "slot": "P2",
    },
    {
      "score": 2,
      "slot": "B1",
    },
    {
      "score": 2,
      "slot": "B2",
    },
  ],
}
`;
