// Vitest Snapshot v1, https://vitest.dev/guide/snapshot.html

exports[`Simulator determinism (Task 3.4 — standalone, no GameLoop) > locks the standalone Simulator fingerprint (refactor regression) 1`] = `
{
  "kills": 1,
  "phase": "playing",
  "positions": [
    {
      "slot": "P1",
      "x": 885.1669311523438,
      "y": 557.75,
    },
    {
      "slot": "P2",
      "x": 93.72216033935547,
      "y": 488,
    },
    {
      "slot": "B1",
      "x": 933.2001342773438,
      "y": 383,
    },
    {
      "slot": "B2",
      "x": 929,
      "y": 541.8335571289062,
    },
  ],
  "scores": [
    {
      "score": 2,
      "slot": "P1",
    },
    {
      "score": 0,
      "slot": "P2",
    },
    {
      "score": 0,
      "slot": "B1",
    },
    {
      "score": 0,
      "slot": "B2",
    },
  ],
}
`;
